=================================================
ТЕСТ СИСТЕМЫ КОМПАНЬОНОВ И СОБЫТИЙ
=================================================

[ТЕСТ 1] Создание русских NPC...
  ✓ Механик Михалыч создан
    - ID: mechanic_mikhalych
    - Уровень: 1
    - Отношения: 0
    - Пассивная способность: Ремонт машины
    - Активная способность: Полевой ремонт
  ✓ Все 6 русских NPC созданы успешно

[ТЕСТ 2] Тестирование NPCManager...
  ✓ NPCManager работает корректно
    - Размер команды: 1/3

[ТЕСТ 3] Тестирование системы отношений...
  ✓ Система отношений работает корректно
    - Отношения ограничены диапазоном [-100, +100]

[ТЕСТ 4] Создание событий через EventFactory...
  ✓ Создано событий: 16
    - Встречи с NPC (ENCOUNTER): 6
    - События с компаньонами (COMPANION): 4
    - Дорожные события (ROAD): 4
    - Ресурсные события (RESOURCE): 2
  ✓ Все события созданы корректно

[ТЕСТ 5] Проверка события 'Встреча с Механиком'...
  ✓ Событие найдено
    - Название: Сломанная машина на обочине
    - Описание: На обочине стоит старая Волга с о...
    - Вариантов выбора: 3
    - Первый выбор: Остановиться и помочь с ремонтом
    - Результат: рекрутинг 'mechanic_mikhalych'
    - Изменение отношений: +20

[ТЕСТ 6] Тестирование проверки условий EventManager...
  ✓ Условие проверено (команда пустая): PASS
  ✓ Условие проверено (команда полная): PASS

[ТЕСТ 7] Применение эффектов выбора...
  ✓ Эффекты применены
    - Энергия изменена: 70 -> 65
    - NPC рекрутирован: Механик Михалыч
    - Отношения: 20

=================================================
ВСЕ ТЕСТЫ ПРОЙДЕНЫ УСПЕШНО! ✓
=================================================
